// Jest Snapshot v1, https://goo.gl/fbAQLP

exports[`HistoryList renders correctly 1`] = `
<div>
  <div>
    <div>
      <div>
        <h3>
          's Game
        </h3>
        <div>
          <div
            className="btn-toolbar"
            role="toolbar"
          >
            <button
              className="btn-default"
              data-testid="play"
              onClick={[Function]}
            >
              Play
            </button>
            <button
              className="btn-default"
              data-testid="pause"
              onClick={[Function]}
            >
              Pause
            </button>
            <button
              className="btn-default"
              data-testid="back"
              onClick={[Function]}
            >
              Back to First Generation
            </button>
            <button
              className="btn-default"
              data-testid="reset"
            >
              Reset
            </button>
            <button
              className="btn-default"
              data-testid="slow"
              onClick={[Function]}
            >
              Slow
            </button>
            <button
              className="btn-default"
              data-testid="fast"
              onClick={[Function]}
            >
              Fast
            </button>
          </div>
        </div>
        <div
          className="grid"
          style={
            Object {
              "display": "grid",
              "gridTemplateColumns": "repeat(80, 15px)",
            }
          }
        >
          <div
            data-testid="0-0"
            onClick={[Function]}
            onMouseEnter={[Function]}
            style={
              Object {
                "backgroundColor": "white",
                "border": "solid thin black",
                "height": 15,
                "width": 15,
              }
            }
          />
          <div
            data-testid="0-1"
            onClick={[Function]}
            onMouseEnter={[Function]}
            style={
              Object {
                "backgroundColor": "white",
                "border": "solid thin black",
                "height": 15,
                "width": 15,
              }
            }
          />
          <div
            data-testid="1-0"
            onClick={[Function]}
            onMouseEnter={[Function]}
            style={
              Object {
                "backgroundColor": undefined,
                "border": "solid thin black",
                "height": 15,
                "width": 15,
              }
            }
          />
          <div
            data-testid="1-1"
            onClick={[Function]}
            onMouseEnter={[Function]}
            style={
              Object {
                "backgroundColor": undefined,
                "border": "solid thin black",
                "height": 15,
                "width": 15,
              }
            }
          />
        </div>
      </div>
    </div>
  </div>
  <div
    style={
      Object {
        "paddingBottom": 20,
      }
    }
  />
</div>
`;
