// Jest Snapshot v1, https://goo.gl/fbAQLP

exports[`NavigationBar renders correctly 1`] = `
<header
  className="MuiPaper-root MuiAppBar-root MuiAppBar-positionFixed MuiAppBar-colorPrimary navbar mui-fixed MuiPaper-elevation4"
  style={
    Object {
      "background": "#063A4C",
      "borderBottom": "solid thin #009ECE",
      "borderTop": "solid thin #009ECE",
    }
  }
>
  <div
    className="MuiToolbar-root MuiToolbar-dense MuiToolbar-gutters"
    style={
      Object {
        "maxHeight": "1.2rem",
      }
    }
  >
    <p
      style={
        Object {
          "color": "#9BE8FF",
        }
      }
    >
      Welcome 
      
    </p>
    <div
      className="MuiContainer-root MuiContainer-disableGutters MuiContainer-maxWidthLg"
    >
      <div
        style={
          Object {
            "color": "#9BE8FF",
            "float": "right",
          }
        }
      >
        <button
          className="btnNav"
          style={
            Object {
              "backgroundColor": null,
            }
          }
        >
          Dashboard
        </button>
        <button
          className="btnNav"
          style={
            Object {
              "backgroundColor": null,
            }
          }
        >
          Game History
        </button>
        <button
          className="btnNav"
          style={
            Object {
              "backgroundColor": null,
            }
          }
        >
          About
        </button>
        <button
          className="btnNav"
          data-testid="logOut"
          onClick={[Function]}
          style={
            Object {
              "marginLeft": "30px",
            }
          }
        >
          Log out
        </button>
      </div>
    </div>
  </div>
</header>
`;
