// Jest Snapshot v1, https://goo.gl/fbAQLP

exports[`NavigationBar renders correctly 1`] = `
<header
  className="MuiPaper-root MuiAppBar-root MuiAppBar-positionStatic MuiAppBar-colorPrimary MuiPaper-elevation4"
  style={
    Object {
      "background": "#063A4C",
    }
  }
>
  <div
    className="MuiToolbar-root MuiToolbar-regular MuiToolbar-gutters"
  >
    <h5
      className="MuiTypography-root MuiTypography-h5"
      style={
        Object {
          "color": "#9BE8FF",
          "fontWeight": "bold",
        }
      }
    >
      Welcome 
      
    </h5>
    <div
      className="MuiContainer-root MuiContainer-disableGutters MuiContainer-maxWidthLg"
    >
      <div
        style={
          Object {
            "color": "#9BE8FF",
            "float": "right",
          }
        }
      >
        <button
          className="btnNav"
          style={
            Object {
              "backgroundColor": null,
            }
          }
        >
          Dashboard
        </button>
        <button
          className="btnNav"
          style={
            Object {
              "backgroundColor": null,
            }
          }
        >
          Game History
        </button>
        <button
          className="btnNav"
          style={
            Object {
              "backgroundColor": null,
            }
          }
        >
          About
        </button>
        <button
          className="btnNav"
          data-testid="logOut"
          onClick={[Function]}
          style={
            Object {
              "marginLeft": "20px",
            }
          }
        >
          Log out
        </button>
      </div>
    </div>
  </div>
</header>
`;
