// Jest Snapshot v1, https://goo.gl/fbAQLP

exports[`LoginForm renders correctly 1`] = `
<div
  className="loginForm"
>
  <div
    style={
      Object {
        "color": "#17c5fa",
        "marginTop": "25px",
        "textAlign": "center",
      }
    }
  >
    <h5
      className="MuiTypography-root MuiTypography-h5"
      style={
        Object {
          "fontWeight": "bold",
        }
      }
    >
      Log in
    </h5>
  </div>
  <div
    className="inputField"
    style={
      Object {
        "marginTop": "30px",
      }
    }
  >
    <input
      className="input"
      onChange={[Function]}
      placeholder="Username"
      type="text"
      value=""
    />
  </div>
  <div
    className="inputField"
    style={
      Object {
        "marginTop": "30px",
      }
    }
  >
    <input
      className="input"
      onChange={[Function]}
      placeholder="Password"
      type="password"
      value=""
    />
  </div>
  <div
    style={
      Object {
        "textAlign": "center",
      }
    }
  >
    <div
      className="submitButton"
      style={
        Object {
          "marginTop": "10px",
        }
      }
    >
      <button
        className="btn"
        onClick={[Function]}
      >
        LOG IN
      </button>
    </div>
  </div>
  <div
    style={
      Object {
        "display": "flex",
        "marginBottom": "20px",
        "marginTop": "30px",
      }
    }
  >
    <h5
      className="MuiTypography-root MuiTypography-h5"
      style={
        Object {
          "fontWeight": "bold",
        }
      }
    >
      Don't have an account?
    </h5>
    <div
      style={
        Object {
          "color": "#17c5fa",
        }
      }
    >
      <button
        className="button"
        onClick={[Function]}
      >
        Register
      </button>
    </div>
  </div>
</div>
`;
