// Jest Snapshot v1, https://goo.gl/fbAQLP

exports[`RegistrationForm renders correctly 1`] = `
<div
  className="loginForm"
>
  <div
    style={
      Object {
        "color": "#355e3b",
        "marginTop": "30px",
        "textAlign": "center",
      }
    }
  >
    <h5
      className="MuiTypography-root MuiTypography-h5"
      style={
        Object {
          "fontWeight": "bold",
        }
      }
    >
      Register
    </h5>
  </div>
  <div
    className="inputField"
    style={
      Object {
        "marginTop": "30px",
      }
    }
  >
    <input
      className="input"
      onChange={[Function]}
      placeholder="Username"
      type="text"
      value=""
    />
  </div>
  <div
    className="inputField"
    style={
      Object {
        "marginTop": "30px",
      }
    }
  >
    <input
      className="input"
      onChange={[Function]}
      placeholder="Password"
      type="password"
      value=""
    />
  </div>
  <div
    className="inputField"
    style={
      Object {
        "marginTop": "30px",
      }
    }
  >
    <input
      className="input"
      onChange={[Function]}
      placeholder="Repeat Password"
      type="password"
      value=""
    />
  </div>
  <div
    style={
      Object {
        "textAlign": "center",
      }
    }
  >
    <div
      className="submitButton"
      style={
        Object {
          "marginTop": "40px",
        }
      }
    >
      <button
        className="btn"
        onClick={[Function]}
      >
        Register
      </button>
    </div>
  </div>
  <div
    style={
      Object {
        "display": "flex",
        "marginTop": "30px",
      }
    }
  >
    <h6
      className="MuiTypography-root MuiTypography-h6"
      style={
        Object {
          "fontWeight": "bold",
        }
      }
    >
      Already have an account?
    </h6>
    <div
      style={
        Object {
          "color": "#355e3b",
        }
      }
    >
      <button
        className="MuiButtonBase-root MuiButton-root MuiButton-text MuiButton-colorInherit"
        disabled={false}
        onBlur={[Function]}
        onClick={[Function]}
        onDragLeave={[Function]}
        onFocus={[Function]}
        onKeyDown={[Function]}
        onKeyUp={[Function]}
        onMouseDown={[Function]}
        onMouseLeave={[Function]}
        onMouseUp={[Function]}
        onTouchEnd={[Function]}
        onTouchMove={[Function]}
        onTouchStart={[Function]}
        tabIndex={0}
        type="button"
      >
        <span
          className="MuiButton-label"
        >
          <p
            className="MuiTypography-root MuiTypography-body1"
            style={
              Object {
                "fontWeight": "bold",
              }
            }
          >
            Log in
          </p>
        </span>
      </button>
    </div>
  </div>
</div>
`;
