// Jest Snapshot v1, https://goo.gl/fbAQLP

exports[`Welcome renders correctly 1`] = `
<div>
  <h3
    className="MuiTypography-root MuiTypography-h3"
    style={
      Object {
        "fontWeight": "bold",
        "textAlign": "center",
      }
    }
  >
    Welcome to the 
    <span
      style={
        Object {
          "color": "#17c5fa",
        }
      }
    >
       Game of Life
    </span>
    .
  </h3>
  <div
    style={
      Object {
        "display": "flex",
        "marginTop": "40px",
      }
    }
  >
    <img
      alt="GameOfLife"
      src="/gameoflife.gif"
      style={
        Object {
          "border": "solid",
          "borderColor": "#17c5fa",
          "borderWidth": "thick",
        }
      }
    />
    <h6
      className="MuiTypography-root MuiTypography-h6"
      style={
        Object {
          "marginLeft": "20px",
        }
      }
    >
         The Game of Life is a cellular automaton devised by the British mathematician John Horton Conway in 1970.
      <br />
      It is a zero-player game, meaning that its evolution is determined by its initial state, requiring no further input. 
      <br />
         One interacts with the Game of Life by creating an initial configuration and observing how it evolves. 
      <br />
         The game has three rules: 
      <br />
           1. Any live cell with two or three live neighbours survives. 
      <br />
           2. Any dead cell with three live neighbours becomes a live cell.
      <br />
           3. All other live cells die in the next generation. 
      <br />
    </h6>
  </div>
  <div>
    <div
      style={
        Object {
          "display": "flex",
          "justifyContent": "center",
          "marginTop": "40px",
        }
      }
    >
      <h5
        className="MuiTypography-root MuiTypography-h5"
        style={
          Object {
            "fontWeight": "bold",
          }
        }
      >
        Click here to
      </h5>
      <div
        style={
          Object {
            "color": "#17c5fa",
          }
        }
      >
        <button
          className="button"
          onClick={[Function]}
        >
          log in
        </button>
      </div>
      <h5
        className="MuiTypography-root MuiTypography-h5"
        style={
          Object {
            "fontWeight": "bold",
          }
        }
      >
        or
      </h5>
      <div
        style={
          Object {
            "color": "#17c5fa",
          }
        }
      >
        <button
          className="button"
          onClick={[Function]}
        >
          create an account
        </button>
      </div>
    </div>
  </div>
</div>
`;
